2003.09.11 00:20 B C:\$mh\web\anayoga\images\body.gif --> ftp.anayoga.com /public_html/images body.gif
2003.09.11 00:20 B C:\$mh\web\anayoga\images\contact.gif --> ftp.anayoga.com /public_html/images contact.gif
2003.09.11 00:20 B C:\$mh\web\anayoga\images\environ-over.gif --> ftp.anayoga.com /public_html/images environ-over.gif
2003.09.11 00:20 B C:\$mh\web\anayoga\images\environ.gif --> ftp.anayoga.com /public_html/images environ.gif
2003.09.11 00:20 B C:\$mh\web\anayoga\images\hemp-over.gif --> ftp.anayoga.com /public_html/images hemp-over.gif
2003.09.11 00:20 B C:\$mh\web\anayoga\images\hemp.gif --> ftp.anayoga.com /public_html/images hemp.gif
2003.09.11 00:20 B C:\$mh\web\anayoga\images\order.gif --> ftp.anayoga.com /public_html/images order.gif
2003.09.11 00:20 B C:\$mh\web\anayoga\images\product_spacer.gif --> ftp.anayoga.com /public_html/images product_spacer.gif
2003.09.11 00:20 B C:\$mh\web\anayoga\images\products-over.gif --> ftp.anayoga.com /public_html/images products-over.gif
2003.09.11 00:20 B C:\$mh\web\anayoga\images\products.gif --> ftp.anayoga.com /public_html/images products.gif
2003.09.11 00:20 B C:\$mh\web\anayoga\images\spacer.gif --> ftp.anayoga.com /public_html/images spacer.gif
2003.09.11 00:20 B C:\$mh\web\anayoga\images\Thumbs.db --> ftp.anayoga.com /public_html/images Thumbs.db
2003.09.11 00:20 B C:\$mh\web\anayoga\images\topline.gif --> ftp.anayoga.com /public_html/images topline.gif
2003.09.11 00:20 B C:\$mh\web\anayoga\images\ul_logo.gif --> ftp.anayoga.com /public_html/images ul_logo.gif
2003.09.11 00:20 B C:\$mh\web\anayoga\images\ur_image.gif --> ftp.anayoga.com /public_html/images ur_image.gif
2003.09.11 00:20 B C:\$mh\web\anayoga\images\vertline1.gif --> ftp.anayoga.com /public_html/images vertline1.gif
2003.09.11 00:20 B C:\$mh\web\anayoga\images\vertline2-products_over.gif --> ftp.anayoga.com /public_html/images vertline2-products_over.gif
2003.09.11 00:20 B C:\$mh\web\anayoga\images\vertline2.gif --> ftp.anayoga.com /public_html/images vertline2.gif
2003.09.11 00:20 B C:\$mh\web\anayoga\images\vertline3-environ_over.gif --> ftp.anayoga.com /public_html/images vertline3-environ_over.gif
2003.09.11 00:20 B C:\$mh\web\anayoga\images\vertline3.gif --> ftp.anayoga.com /public_html/images vertline3.gif
2003.09.11 00:20 B C:\$mh\web\anayoga\images\webdesign_02.gif --> ftp.anayoga.com /public_html/images webdesign_02.gif
2003.09.11 00:20 B C:\$mh\web\anayoga\images\webdesign_03.gif --> ftp.anayoga.com /public_html/images webdesign_03.gif
2003.09.11 00:20 B C:\$mh\web\anayoga\images\webdesign_05.gif --> ftp.anayoga.com /public_html/images webdesign_05.gif
2003.09.11 00:20 B C:\$mh\web\anayoga\images\webdesign_07.gif --> ftp.anayoga.com /public_html/images webdesign_07.gif
2003.09.11 00:20 B C:\$mh\web\anayoga\images\webdesign_09.gif --> ftp.anayoga.com /public_html/images webdesign_09.gif
2003.09.11 00:20 B C:\$mh\web\anayoga\images\webdesign_10.gif --> ftp.anayoga.com /public_html/images webdesign_10.gif
2003.09.11 00:20 B C:\$mh\web\anayoga\images\webdesign_12-products_over.gif --> ftp.anayoga.com /public_html/images webdesign_12-products_over.gif
2003.09.11 00:20 B C:\$mh\web\anayoga\images\webdesign_12.gif --> ftp.anayoga.com /public_html/images webdesign_12.gif
2003.09.11 00:20 B C:\$mh\web\anayoga\images\webdesign_13-products_over.gif --> ftp.anayoga.com /public_html/images webdesign_13-products_over.gif
2003.09.11 00:20 B C:\$mh\web\anayoga\images\webdesign_13.gif --> ftp.anayoga.com /public_html/images webdesign_13.gif
2003.09.11 00:20 B C:\$mh\web\anayoga\images\webdesign_14-products_over.gif --> ftp.anayoga.com /public_html/images webdesign_14-products_over.gif
2003.09.11 00:20 B C:\$mh\web\anayoga\images\webdesign_14.gif --> ftp.anayoga.com /public_html/images webdesign_14.gif
2003.09.11 00:20 B C:\$mh\web\anayoga\images\webdesign_17.gif --> ftp.anayoga.com /public_html/images webdesign_17.gif
2003.09.11 00:20 B C:\$mh\web\anayoga\images\webdesign_18.gif --> ftp.anayoga.com /public_html/images webdesign_18.gif
2003.09.11 00:20 B C:\$mh\web\anayoga\images\webdesign_19.gif --> ftp.anayoga.com /public_html/images webdesign_19.gif
2003.09.11 00:20 B C:\$mh\web\anayoga\images\welcome-over.gif --> ftp.anayoga.com /public_html/images welcome-over.gif
2003.09.11 00:20 B C:\$mh\web\anayoga\images\welcome.gif --> ftp.anayoga.com /public_html/images welcome.gif
2003.09.11 00:20 B C:\$mh\web\anayoga\images\whitespace.gif --> ftp.anayoga.com /public_html/images whitespace.gif
2003.09.11 00:20 B C:\$mh\web\anayoga\images\whitespace1.gif --> ftp.anayoga.com /public_html/images whitespace1.gif
2003.09.11 00:20 B C:\$mh\web\anayoga\images\whitespace2.gif --> ftp.anayoga.com /public_html/images whitespace2.gif
2003.09.11 00:20 B C:\$mh\web\anayoga\images\whitespace3.gif --> ftp.anayoga.com /public_html/images whitespace3.gif
2003.09.19 22:51 B C:\$mh\web\anayoga\images\signature.jpg --> ftp.anayoga.com /public_html/images signature.jpg
2003.09.30 00:11 B c:\$mh\web\anayoga\images\contactme.gif --> ftp.anayoga.com /public_html/images contactme.gif
2003.11.23 00:33 B x:\anayogaweb\site\images\ana.jpg --> ftp.anayoga.com /public_html/images ana.jpg
2004.01.03 14:27 B c:\$mh\web\anayoga\anayogaweb\site\images\testimonial-over.gif --> ftp.anayoga.com /public_html/images testimonial-over.gif
2004.01.03 14:27 B c:\$mh\web\anayoga\anayogaweb\site\images\testimonial.gif --> ftp.anayoga.com /public_html/images testimonial.gif
2004.01.03 14:27 B c:\$mh\web\anayoga\anayogaweb\site\images\ana.jpg --> ftp.anayoga.com /public_html/images ana.jpg
2004.01.03 14:27 B c:\$mh\web\anayoga\anayogaweb\site\images\body.gif --> ftp.anayoga.com /public_html/images body.gif
2004.01.03 14:27 B c:\$mh\web\anayoga\anayogaweb\site\images\contact.gif --> ftp.anayoga.com /public_html/images contact.gif
2004.01.03 14:27 B c:\$mh\web\anayoga\anayogaweb\site\images\contactme.gif --> ftp.anayoga.com /public_html/images contactme.gif
2004.01.03 14:27 B c:\$mh\web\anayoga\anayogaweb\site\images\environ-over.gif --> ftp.anayoga.com /public_html/images environ-over.gif
2004.01.03 14:27 B c:\$mh\web\anayoga\anayogaweb\site\images\environ.gif --> ftp.anayoga.com /public_html/images environ.gif
2004.01.03 14:27 B c:\$mh\web\anayoga\anayogaweb\site\images\hemp-over.gif --> ftp.anayoga.com /public_html/images hemp-over.gif
2004.01.03 14:27 B c:\$mh\web\anayoga\anayogaweb\site\images\hemp.gif --> ftp.anayoga.com /public_html/images hemp.gif
2004.01.03 14:27 B c:\$mh\web\anayoga\anayogaweb\site\images\order.gif --> ftp.anayoga.com /public_html/images order.gif
2004.01.03 14:27 B c:\$mh\web\anayoga\anayogaweb\site\images\product_spacer.gif --> ftp.anayoga.com /public_html/images product_spacer.gif
2004.01.03 14:27 B c:\$mh\web\anayoga\anayogaweb\site\images\products-over.gif --> ftp.anayoga.com /public_html/images products-over.gif
2004.01.03 14:27 B c:\$mh\web\anayoga\anayogaweb\site\images\products.gif --> ftp.anayoga.com /public_html/images products.gif
2004.01.03 14:27 B c:\$mh\web\anayoga\anayogaweb\site\images\signature.jpg --> ftp.anayoga.com /public_html/images signature.jpg
2004.01.03 14:27 B c:\$mh\web\anayoga\anayogaweb\site\images\spacer.gif --> ftp.anayoga.com /public_html/images spacer.gif
2004.01.03 14:27 B c:\$mh\web\anayoga\anayogaweb\site\images\testimonial-over.gif --> ftp.anayoga.com /public_html/images testimonial-over.gif
2004.01.03 14:27 B c:\$mh\web\anayoga\anayogaweb\site\images\testimonial.gif --> ftp.anayoga.com /public_html/images testimonial.gif
2004.01.03 14:27 B c:\$mh\web\anayoga\anayogaweb\site\images\Thumbs.db --> ftp.anayoga.com /public_html/images Thumbs.db
2004.01.03 14:27 B c:\$mh\web\anayoga\anayogaweb\site\images\topline.gif --> ftp.anayoga.com /public_html/images topline.gif
2004.01.03 14:27 B c:\$mh\web\anayoga\anayogaweb\site\images\ul_logo.gif --> ftp.anayoga.com /public_html/images ul_logo.gif
2004.01.03 14:27 B c:\$mh\web\anayoga\anayogaweb\site\images\ur_image.gif --> ftp.anayoga.com /public_html/images ur_image.gif
2004.01.03 14:27 B c:\$mh\web\anayoga\anayogaweb\site\images\vertline1.gif --> ftp.anayoga.com /public_html/images vertline1.gif
2004.01.03 14:27 B c:\$mh\web\anayoga\anayogaweb\site\images\vertline2-products_over.gif --> ftp.anayoga.com /public_html/images vertline2-products_over.gif
2004.01.03 14:27 B c:\$mh\web\anayoga\anayogaweb\site\images\vertline2.gif --> ftp.anayoga.com /public_html/images vertline2.gif
2004.01.03 14:27 B c:\$mh\web\anayoga\anayogaweb\site\images\vertline3-environ_over.gif --> ftp.anayoga.com /public_html/images vertline3-environ_over.gif
2004.01.03 14:27 B c:\$mh\web\anayoga\anayogaweb\site\images\vertline3.gif --> ftp.anayoga.com /public_html/images vertline3.gif
2004.01.03 14:27 B c:\$mh\web\anayoga\anayogaweb\site\images\webdesign_02.gif --> ftp.anayoga.com /public_html/images webdesign_02.gif
2004.01.03 14:28 B c:\$mh\web\anayoga\anayogaweb\site\images\webdesign_03.gif --> ftp.anayoga.com /public_html/images webdesign_03.gif
2004.01.03 14:28 B c:\$mh\web\anayoga\anayogaweb\site\images\webdesign_05.gif --> ftp.anayoga.com /public_html/images webdesign_05.gif
2004.01.03 14:28 B c:\$mh\web\anayoga\anayogaweb\site\images\webdesign_07.gif --> ftp.anayoga.com /public_html/images webdesign_07.gif
2004.01.03 14:28 B c:\$mh\web\anayoga\anayogaweb\site\images\webdesign_09.gif --> ftp.anayoga.com /public_html/images webdesign_09.gif
2004.01.03 14:28 B c:\$mh\web\anayoga\anayogaweb\site\images\webdesign_10.gif --> ftp.anayoga.com /public_html/images webdesign_10.gif
2004.01.03 14:28 B c:\$mh\web\anayoga\anayogaweb\site\images\webdesign_12-products_over.gif --> ftp.anayoga.com /public_html/images webdesign_12-products_over.gif
2004.01.03 14:28 B c:\$mh\web\anayoga\anayogaweb\site\images\webdesign_12.gif --> ftp.anayoga.com /public_html/images webdesign_12.gif
2004.01.03 14:28 B c:\$mh\web\anayoga\anayogaweb\site\images\webdesign_13-products_over.gif --> ftp.anayoga.com /public_html/images webdesign_13-products_over.gif
2004.01.03 14:28 B c:\$mh\web\anayoga\anayogaweb\site\images\webdesign_13.gif --> ftp.anayoga.com /public_html/images webdesign_13.gif
2004.01.03 14:28 B c:\$mh\web\anayoga\anayogaweb\site\images\webdesign_14-products_over.gif --> ftp.anayoga.com /public_html/images webdesign_14-products_over.gif
2004.01.03 14:28 B c:\$mh\web\anayoga\anayogaweb\site\images\webdesign_14.gif --> ftp.anayoga.com /public_html/images webdesign_14.gif
2004.01.03 14:28 B c:\$mh\web\anayoga\anayogaweb\site\images\webdesign_17.gif --> ftp.anayoga.com /public_html/images webdesign_17.gif
2004.01.03 14:28 B c:\$mh\web\anayoga\anayogaweb\site\images\webdesign_18.gif --> ftp.anayoga.com /public_html/images webdesign_18.gif
2004.01.03 14:28 B c:\$mh\web\anayoga\anayogaweb\site\images\webdesign_19.gif --> ftp.anayoga.com /public_html/images webdesign_19.gif
2004.01.03 14:28 B c:\$mh\web\anayoga\anayogaweb\site\images\welcome-over.gif --> ftp.anayoga.com /public_html/images welcome-over.gif
2004.01.03 14:28 B c:\$mh\web\anayoga\anayogaweb\site\images\welcome.gif --> ftp.anayoga.com /public_html/images welcome.gif
2004.01.03 14:28 B c:\$mh\web\anayoga\anayogaweb\site\images\whitespace.gif --> ftp.anayoga.com /public_html/images whitespace.gif
2004.01.03 14:28 B c:\$mh\web\anayoga\anayogaweb\site\images\whitespace1.gif --> ftp.anayoga.com /public_html/images whitespace1.gif
2004.01.03 14:28 B c:\$mh\web\anayoga\anayogaweb\site\images\whitespace2.gif --> ftp.anayoga.com /public_html/images whitespace2.gif
2004.01.03 14:28 B c:\$mh\web\anayoga\anayogaweb\site\images\whitespace3.gif --> ftp.anayoga.com /public_html/images whitespace3.gif
